python : INFO:sqlalchemy.engine.Engine:BEGIN 
(implicit)
At line:1 char:108
+ ... ject-main"; python test_admin_workflow.py > 
test_output.txt 2>&1; Get ...
+                 
~~~~~~~~~~~~~~~~~~~~~~~~~~~~~~~~~~~~~~~~~~~~~~~~~~~~
    + CategoryInfo          : NotSpecified: (INFO:sql 
   alchemy...EGIN (implicit):String) [], RemoteExcep  
  tion
    + FullyQualifiedErrorId : NativeCommandError
 

============================================================
Testing Admin Unlock Workflow
============================================================

2025-12-08 17:06:39,993 INFO sqlalchemy.engine.Engine BEGIN (implicit)
2025-12-08 17:06:39,994 INFO sqlalchemy.engine.Engine DELETE FROM user
INFO:sqlalchemy.engine.Engine:DELETE FROM user
2025-12-08 17:06:39,994 INFO sqlalchemy.engine.Engine [generated in 0.00022s] ()
INFO:sqlalchemy.engine.Engine:[generated in 0.00022s] 
()
2025-12-08 17:06:39,998 INFO sqlalchemy.engine.Engine COMMIT
INFO:sqlalchemy.engine.Engine:COMMIT
1. Creating test user...
2025-12-08 17:06:40,395 INFO sqlalchemy.engine.Engine BEGIN (implicit)
INFO:sqlalchemy.engine.Engine:BEGIN (implicit)
2025-12-08 17:06:40,399 INFO sqlalchemy.engine.Engine INSERT INTO user (email, username, password, preference, is_admin) VALUES (?, ?, ?, ?, ?)
2025-12-08 17:06:40,399 INFO sqlalchemy.engine.Engine [generated in 0.00052s] ('admin_test@example.com', 'admin_testuser', '$2b$12$we0srgaWGk6XkoAGJA3M5OOq6vRKPss.c.BVTwbsoG.1kN8ic7e52', 'alcoholic', 0)
INFO:sqlalchemy.engine.Engine:INSERT INTO user 
(email, username, password, preference, is_admin) 
VALUES (?, ?, ?, ?, ?)
INFO:sqlalchemy.engine.Engine:[generated in 0.00052s] 
('admin_test@example.com', 'admin_testuser', '$2b$12$w
e0srgaWGk6XkoAGJA3M5OOq6vRKPss.c.BVTwbsoG.1kN8ic7e52',
 'alcoholic', 0)
INFO:sqlalchemy.engine.Engine:COMMIT
2025-12-08 17:06:40,402 INFO sqlalchemy.engine.Engine COMMIT
2025-12-08 17:06:40,406 INFO sqlalchemy.engine.Engine BEGIN (implicit)
INFO:sqlalchemy.engine.Engine:BEGIN (implicit)
INFO:sqlalchemy.engine.Engine:SELECT user.id AS 
user_id, user.email AS user_email, user.username AS 
user_username, user.password AS user_password, 
user.preference AS user_preference, user.is_admin AS 
user_is_admin 
FROM user 
WHERE user.id = ?
2025-12-08 17:06:40,408 INFO sqlalchemy.engine.Engine SELECT user.id AS user_id, user.email AS user_email, user.username AS user_username, user.password AS user_password, user.preference AS user_preference, user.is_admin AS user_is_admin 
FROM user 
WHERE user.id = ?
INFO:sqlalchemy.engine.Engine:[generated in 0.00024s] 
(1,)
2025-12-08 17:06:40,409 INFO sqlalchemy.engine.Engine [generated in 0.00024s] (1,)
INFO:sqlalchemy.engine.Engine:ROLLBACK
2025-12-08 17:06:40,409 INFO sqlalchemy.engine.Engine ROLLBACK
Traceback (most recent call last):
  File "C:\Users\zaboc\My-First-Springboard-Capstone-P
roject-main\My-First-Springboard-Capstone-Project-main
\test_admin_workflow.py", line 130, in <module>
    success = test_admin_workflow()
              ^^^^^^^^^^^^^^^^^^^^^
  File "C:\Users\zaboc\My-First-Springboard-Capstone-P
roject-main\My-First-Springboard-Capstone-Project-main
\test_admin_workflow.py", line 41, in 
test_admin_workflow
    print(f"   \u2713 Created user: 
{test_user.username} (ID: {test_user.id})")
  File "C:\Program Files\WindowsApps\PythonSoftwareFou
ndation.Python.3.11_3.11.2544.0_x64__qbz5n2kfra8p0\Lib
\encodings\cp1252.py", line 19, in encode
    return codecs.charmap_encode(input,self.errors,enc
oding_table)[0]
           ^^^^^^^^^^^^^^^^^^^^^^^^^^^^^^^^^^^^^^^^^^^
^^^^^^^^^^^^
UnicodeEncodeError: 'charmap' codec can't encode 
character '\u2713' in position 3: character maps to 
<undefined>

During handling of the above exception, another 
exception occurred:

Traceback (most recent call last):
  File "C:\Users\zaboc\My-First-Springboard-Capstone-P
roject-main\My-First-Springboard-Capstone-Project-main
\test_admin_workflow.py", line 133, in <module>
    print(f"\n\u2717 TEST FAILED: {e}")
  File "C:\Program Files\WindowsApps\PythonSoftwareFou
ndation.Python.3.11_3.11.2544.0_x64__qbz5n2kfra8p0\Lib
\encodings\cp1252.py", line 19, in encode
    return codecs.charmap_encode(input,self.errors,enc
oding_table)[0]
           ^^^^^^^^^^^^^^^^^^^^^^^^^^^^^^^^^^^^^^^^^^^
^^^^^^^^^^^^
UnicodeEncodeError: 'charmap' codec can't encode 
character '\u2717' in position 2: character maps to 
<undefined>
